[22:55:17] === Fase 5D — GW_index ===
[22:55:17]   285,509 frases cargadas desde 5c_frases.parquet
[22:55:17] [1/3] Calculando flags por frase (cifra / lenguaje futuro)…
22:55:18 Flags por frase [██████████████████████████████] 100.0% (285509/285509)
[22:55:18]   % frases con cifra (no-año): 31.3%
[22:55:18]   % frases con lenguaje futuro: 18.1%
[22:55:18]   % frases futuras SIN cifra: 12.0%
[22:55:18] [2/3] Agregando a nivel documento y construyendo GW_index…
[22:55:18]   289 documentos → 5d_gwindex.csv
[22:55:18] [2/3] Evolución GW_index y componentes por año:
[22:55:18]     GW_index                     2022=-0.1961  2023=-0.3287  2024=0.5208
[22:55:18]     hedging_ratio                2022=0.0102  2023=0.0115  2024=0.0132
[22:55:18]     ratio_cuantitativo           2022=0.3219  2023=0.3359  2024=0.3040
[22:55:18]     ratio_futuro                 2022=0.1922  2023=0.1876  2024=0.1886
[22:55:18]     ratio_futuro_sin_cifra       2022=0.1300  2023=0.1232  2024=0.1246
[22:55:18]     climate_specificity_spec     2022=0.2807  2023=0.2882  2024=0.2570
[22:55:18] [3/3] Generando figuras…
[22:55:19]   → 5d_gwindex_evolucion.png / 5d_componentes.png / 5d_gwindex_vs_tono.png
[22:55:19] ✓ Fase 5D completa en 0.0 min
[01:44:35] === Fase 5D — GW_index ===
[01:44:35]   539,993 frases cargadas desde 5c_frases.parquet
[01:44:35] [1/3] Calculando flags por frase (cifra / lenguaje futuro)…
01:44:38 Flags por frase [██████████████████████████████] 100.0% (539993/539993)
[01:44:38]   % frases con cifra (no-año): 31.0%
[01:44:38]   % frases con lenguaje futuro: 17.8%
[01:44:38]   % frases futuras SIN cifra: 11.9%
[01:44:38] [2/3] Agregando a nivel documento y construyendo GW_index…
[01:44:38]   586 documentos → 5d_gwindex.csv
[01:44:38] [2/3] Evolución GW_index y componentes por año:
[01:44:38]     GW_index                     2022=-0.2026  2023=-0.1677  2024=0.3705
[01:44:38]     hedging_ratio                2022=0.0112  2023=0.0124  2024=0.0146
[01:44:38]     ratio_cuantitativo           2022=0.3234  2023=0.3235  2024=0.3049
[01:44:38]     ratio_futuro                 2022=0.1861  2023=0.1888  2024=0.1831
[01:44:38]     ratio_futuro_sin_cifra       2022=0.1241  2023=0.1238  2024=0.1226
[01:44:38]     climate_specificity_spec     2022=0.2621  2023=0.2707  2024=0.2413
[01:44:38] [3/3] Generando figuras…
[01:44:38]   → 5d_gwindex_evolucion.png / 5d_componentes.png / 5d_gwindex_vs_tono.png
[01:44:38] ✓ Fase 5D completa en 0.1 min
